 Distribution list format:

 C <sp> Text description of release
		Indicates a CVS release... contains one AND ONLY ONE tag line,
		then a number of server lines.

 T <sp> Text description of release
 		Indicates a Tarball release... contains multiples file lines
 		then numtiple server lines
 
 t <sp> Text
 		A tag line defines a CVS tag to use.

 m <sp> Make options
        A list of command-line options to pass to make/gmake.

 f <sp> Text
 		A file line.
		%s is replaced with sysname-machine from uname.

 s <sp> Address <tab> Text description of server
		A server line.  Address is either the CVSROOT for C sections or the URL
		for T sections %s is replaced by the current file name for URLs.

 D <sp> <sysname-machine>[,<PLATFORM> ...] <sp> <LINE>
 		A depends line.  Line is only parsed if the current sysname/machine is <sysname-machine>

 Lines that start with anything but a C, T, f, t, D or s are ignored.

T Current Source Tarball (v3.10L beta)
m NOCVS=1
f sbbs_src.tgz
f lib-%s.tgz
s ftp://ftp.synchro.net/			Official FTP server (T1)
s ftp://vert.synchro.net/			Vertrauen FTP server (256kbps)
s ftp://rob.synchro.net/			Vertrauen FTP server (256kbps)
s ftp://cvs.synchro.net/			Vertrauen FTP server (256kbps)
s ftp://freebsd.synchro.net/Synchronet/        	Deuce's FTP server (128kbps)

C Version 3.10L beta from CVS (stable)
t sbbs310L
s :pserver:anonymous@cvs.synchro.net:/cvsroot/sbbs	Official CVS Server (256kbps)

C Current Development Code from CVS (unstable)
t HEAD
s :pserver:anonymous@cvs.synchro.net:/cvsroot/sbbs	Official CVS Server (256kbps)
