[0;1;32mP[0;32mlayer [1;32mL[0;32misting [1;32mF[0;32mor [1;31mN[0;31mew [1;31mY[0;31mork [1;31m2008

[0;32m-=-=-=-=-=-=-=-=-=-=-=-=-=-=-=-=-=-=-=-=-=-=-=-=-=-=-=-=-=-=-=-=-=-=-=-=-=-=-=-
[1;36mRank: Lvl: Name:                     Points:              S: T:
[1;34m1     [1;32m0    [1;31mDeuce                     [1;32m11                   [1;33mM  [1;34mHEADBANGER    
