[40m[2J[14C[0;1;36mีออออออออออออออออออออออออออออออออออออออออออออออออออธ[2;1H[14Cณ  ีธ[0;36mณณณีี    [1mี[0;36mีธีธ   [1mั[0;36mณณณี [44m   [1mั[0;36;44mีธณณีธีธีธีัธีีธั  [1mณ     [3;1H[8C      ณ  ฦต[0;36;44mณณณฦิธ   [1mฦ[40m[s
[u[0;36;44mณณฦต   [1mณ[0;36;44mฦตณิธ  [1C[1;40mณ[0;36mณณณณฦตณณฦตณณณฦณณณ  [1mณ[4;1H    ี[0;36mอ[1mธ[7Cิออณิ[0;36mิพิิอพ[1mอออณ[0;36mิพณิ[1mอออณ[0;36mณณณอพ[1mอออณ[0;36mิพิพณิณณณณณณณิณณณ[1mออพ[6Cี[0;36mอ[1mธ[5;1H    ิ[0;36mอ[1mฯ[s
[u[0;36mอ[1mอ[0;36mอ[1mอ[0;36mอ[1mอ[0;36mอ[1mอ[0;36mอ[1mอ[0;36mอ[1mอ[0;36mอ[1mอ[0;36mอ[1mอ[0;36mอ[1mอ[0;36mอ[1mอ[0;36mอ[1mอ[0;36mอ[1mอ[0;36mอ[1mอ[0;36mอ[1mอ[0;36mอ[1mอ[0;36mอ[1mอ[0;36mอ[1mอ[0;36mอ[1mอ[0;36mอ[1mอ[s
[u[0;36mอ[1mอ[0;36mอ[1mอ[0;36mอ[1mอ[0;36mอ[1mอ[0;36mอ[1mอ[0;36mอ[1mอ[0;36mอ[1mอ[0;36mอ[1mอ[0;36mอ[1mอ[0;36mอ[1mอ[0;36mอ[1mอ[0;36mอ[1mอ[0;36mอ[1mอ[0;36mอ[1mฯ[0;36mอ[1mพ[6;1H[0m
